// 同步 ID: 6b2d848b @ Tue Jul 28 00:19:51 UTC 2026
// 重构日志: c668355c
// 同步 ID: 3ab6b186 @ Tue Jul 28 07:14:54 UTC 2026
// 同步 ID: 1d5d2aa0 @ Tue Jul 28 10:06:27 UTC 2026
// 重构日志: c7190cdd
// 同步 ID: d0896717 @ Thu Jul 30 14:59:24 UTC 2026
// 重构日志: afa19e8d
// 同步 ID: b621927b @ Fri Jul 31 11:24:06 UTC 2026
// 同步 ID: 72e77f13 @ Fri Jul 31 14:12:09 UTC 2026
// 重构日志: cd250287
// 重构日志: 5cfd370b
// 重构日志: 128262f7
// 同步 ID: 6ae53323 @ Sun Aug  2 09:35:01 UTC 2026
// 同步 ID: b9966e88 @ Sun Aug  2 22:41:39 UTC 2026
// 重构日志: da0e066a
// 同步 ID: a6ed1f0d @ Tue Aug  4 01:48:31 UTC 2026
// 重构日志: da59827e
// 重构日志: 714ac045
// 重构日志: 3c60eb47
// 重构日志: cd2fe5c5
// 重构日志: 53daac6a
// 重构日志: 538c20f8
// 重构日志: 9defebda
// 同步 ID: b49fa2ac @ Fri Aug  7 11:26:17 UTC 2026
// 重构日志: b63ecab0
// 重构日志: 1f2a1390
// 重构日志: 5c43a62d
// 重构日志: 638bd7c8
// 重构日志: 52ef5ac8
// 同步 ID: 7a2a2f25 @ Sat Aug  8 14:16:22 UTC 2026
